08:18:53 **** Incremental Build of configuration Debug for project AxxSolder_firmware ****
make -j4 all 
arm-none-eabi-gcc "../Core/Src/main.c" -mcpu=cortex-m4 -std=gnu11 -g3 -DUSE_HAL_DRIVER -DSTM32G431xx -DDEBUG -c -I../Core/Inc -I../Drivers/STM32G4xx_HAL_Driver/Inc -I../Drivers/STM32G4xx_HAL_Driver/Inc/Legacy -I../Drivers/CMSIS/Device/ST/STM32G4xx/Include -I../Drivers/CMSIS/Include -I../Drivers/LCD -I../Drivers/UGUI -O0 -ffunction-sections -fdata-sections -Wall -fstack-usage -fcyclomatic-complexity -MMD -MP -MF"Core/Src/main.d" -MT"Core/Src/main.o" --specs=nano.specs -mfpu=fpv4-sp-d16 -mfloat-abi=hard -mthumb -o "Core/Src/main.o"
arm-none-eabi-gcc -o "AxxSolder_firmware.elf" @"objects.list"   -mcpu=cortex-m4 -T"D:\Github\AxxSolder\AxxSolder_firmware\STM32G431CBTX_FLASH.ld" --specs=nosys.specs -Wl,-Map="AxxSolder_firmware.map" -Wl,--gc-sections -static --specs=nano.specs -mfpu=fpv4-sp-d16 -mfloat-abi=hard -mthumb -u _printf_float -u _scanf_float -Wl,--start-group -lc -lm -Wl,--end-group
Finished building target: AxxSolder_firmware.elf
 
arm-none-eabi-size   AxxSolder_firmware.elf 
arm-none-eabi-objdump -h -S  AxxSolder_firmware.elf  > "AxxSolder_firmware.list"
arm-none-eabi-objcopy  -O binary  AxxSolder_firmware.elf  "AxxSolder_firmware.bin"
   text	   data	    bss	    dec	    hex	filename
 117684	   1984	  12064	 131732	  20294	AxxSolder_firmware.elf
Finished building: default.size.stdout
 
Finished building: AxxSolder_firmware.bin
 
Finished building: AxxSolder_firmware.list
 

08:18:56 Build Finished. 0 errors, 0 warnings. (took 2s.803ms)

